// Jest Snapshot v1, https://goo.gl/fbAQLP

exports[`CompraPassagem VIEW renders correctly 1`] = `null`;
