// Jest Snapshot v1, https://goo.gl/fbAQLP

exports[`ConfirmaPassagem VIEW renders correctly 1`] = `null`;
