// Jest Snapshot v1, https://goo.gl/fbAQLP

exports[`Layout VIEW renders correctly 1`] = `
<div
  className="App"
>
  <nav
    className="navbar navbar-inverse"
  >
    <div
      className="container"
    >
      <div
        className="navbar-header"
      >
        <span
          className="navbar-brand"
        >
          <span
            aria-hidden={true}
            className="fa fa-bus App-logo"
          />
          <span
            className="header-title"
          >
            BusTicket
          </span>
        </span>
        <button
          className="navbar-toggle collapsed"
          onClick={[Function]}
          type="button"
        >
          <span
            className="sr-only"
          >
            Toggle navigation
          </span>
          <span
            className="icon-bar"
          />
          <span
            className="icon-bar"
          />
          <span
            className="icon-bar"
          />
        </button>
      </div>
    </div>
  </nav>
</div>
`;
