// Jest Snapshot v1, https://goo.gl/fbAQLP

exports[`Login VIEW renders correctly 1`] = `
<div
  className="login-container"
>
  <div
    className="login-box animated bounceInLeft"
  >
    <div
      className="login-header"
    >
      <div
        className="login-header--title"
      >
        <div
          className="login-header--title-main"
        >
          Login
        </div>
        <div
          className="login-header--title-sub text-muted"
        >
          <span>
            Informe o usu√°rio e a senha
          </span>
        </div>
      </div>
      <div
        className="login-header--icon text-right"
      >
        <span
          className="main-icon glyphicon glyphicon-lock"
        />
      </div>
    </div>
    <form>
      <div
        className="form-group"
      >
        <span
          className="input-group"
        >
          <span
            className="input-group-addon"
          >
            <span
              className="addon-icon glyphicon glyphicon-user"
            />
          </span>
          <input
            className="form-control"
            id="email"
            onChange={[Function]}
            placeholder="E-mail"
            type="text"
            value="guest@busticket.com"
          />
        </span>
        <span
          className="help-block"
        >
          
        </span>
      </div>
      <div
        className="form-group"
      >
        <span
          className="input-group"
        >
          <span
            className="input-group-addon"
          >
            <span
              aria-hidden={true}
              className="fa fa-key addon-icon"
            />
          </span>
          <input
            className="form-control"
            id="senha"
            onChange={[Function]}
            placeholder="Senha"
            type="password"
            value="#guest#"
          />
        </span>
        <span
          className="help-block"
        >
          
        </span>
      </div>
      <div
        className="form-group"
      >
        <button
          className="btn-block btn-google-blue btn-login btn btn-primary"
          disabled={false}
          onClick={[Function]}
          type="submit"
        >
          <span
            className="glyphicon glyphicon-log-in"
          />
          <span
            className="text-after-icon btn-login-lable"
          >
            Entrar
          </span>
        </button>
      </div>
    </form>
  </div>
</div>
`;
