// Jest Snapshot v1, https://goo.gl/fbAQLP

exports[`Welcome VIEW renders correctly 1`] = `null`;
