// Jest Snapshot v1, https://goo.gl/fbAQLP

exports[`TooltipOverlay VIEW renders correctly 1`] = `
ShallowWrapper {
  "complexSelector": ComplexSelector {
    "buildPredicate": [Function],
    "childrenOfNode": [Function],
    "findWhereUnwrapped": [Function],
  },
  "length": 1,
  "node": <OverlayTrigger
    defaultOverlayShown={false}
    overlay={
        <Tooltip
            bsClass="tooltip"
            id="tooltip"
            placement="right"
        />
    }
    placement="bottom"
    trigger={
        Array [
            "hover",
            "focus",
          ]
    }
/>,
  "nodes": Array [
    <OverlayTrigger
      defaultOverlayShown={false}
      overlay={
            <Tooltip
                  bsClass="tooltip"
                  id="tooltip"
                  placement="right"
            />
      }
      placement="bottom"
      trigger={
            Array [
                  "hover",
                  "focus",
                ]
      }
/>,
  ],
  "options": Object {},
  "renderer": ReactShallowRenderer {
    "_instance": ShallowComponentWrapper {
      "_calledComponentWillUnmount": false,
      "_compositeType": 2,
      "_context": Object {},
      "_currentElement": <TooltipOverlay
        position="bottom"
/>,
      "_debugID": 1,
      "_hostContainerInfo": null,
      "_hostParent": null,
      "_instance": StatelessComponent {
        "_reactInternalInstance": [Circular],
        "context": Object {},
        "props": Object {
          "position": "bottom",
        },
        "refs": Object {},
        "state": null,
        "updater": Object {
          "enqueueCallback": [Function],
          "enqueueCallbackInternal": [Function],
          "enqueueElementInternal": [Function],
          "enqueueForceUpdate": [Function],
          "enqueueReplaceState": [Function],
          "enqueueSetState": [Function],
          "isMounted": [Function],
          "validateCallback": [Function],
        },
      },
      "_mountOrder": 1,
      "_pendingCallbacks": null,
      "_pendingElement": null,
      "_pendingForceUpdate": false,
      "_pendingReplaceState": false,
      "_pendingStateQueue": null,
      "_renderedComponent": NoopInternalComponent {
        "_currentElement": <OverlayTrigger
          defaultOverlayShown={false}
          overlay={
                    <Tooltip
                              bsClass="tooltip"
                              id="tooltip"
                              placement="right"
                    />
          }
          placement="bottom"
          trigger={
                    Array [
                              "hover",
                              "focus",
                            ]
          }
/>,
        "_debugID": 2,
        "_renderedOutput": <OverlayTrigger
          defaultOverlayShown={false}
          overlay={
                    <Tooltip
                              bsClass="tooltip"
                              id="tooltip"
                              placement="right"
                    />
          }
          placement="bottom"
          trigger={
                    Array [
                              "hover",
                              "focus",
                            ]
          }
/>,
      },
      "_renderedNodeType": 1,
      "_rootNodeID": 0,
      "_topLevelWrapper": null,
      "_updateBatchNumber": null,
      "_warnedAboutRefsInRender": false,
    },
    "getRenderOutput": [Function],
    "render": [Function],
  },
  "root": [Circular],
  "unrendered": <TooltipOverlay
    position="bottom"
/>,
}
`;
